// Jest Snapshot v1, https://goo.gl/fbAQLP

exports[`<App /> should render and match the snapshot 1`] = `
<BrowserRouter>
  <Helmet
    defaultTitle="Weather App"
    defer={true}
    encodeSpecialCharacters={true}
    htmlAttributes={
      Object {
        "lang": undefined,
      }
    }
    titleTemplate="%s - Weather App"
  >
    <meta
      content="A Simple Weather App"
      name="description"
    />
  </Helmet>
  <Switch>
    <Route
      component={[Function]}
      exact={true}
      path="/"
    />
  </Switch>
</BrowserRouter>
`;
